This is pdfTeX, Version 3.141592653-2.6-1.40.25 (TeX Live 2023/Debian) (preloaded format=pdflatex 2025.8.7)  31 JUL 2026 15:29
entering extended mode
 restricted \write18 enabled.
 %&-line parsing enabled.
**paper_tpami.tex
(./paper_tpami.tex
LaTeX2e <2023-11-01> patch level 1
L3 programming layer <2024-01-22>
(/usr/share/texlive/texmf-dist/tex/latex/base/article.cls
Document Class: article 2023/05/17 v1.4n Standard LaTeX document class
(/usr/share/texlive/texmf-dist/tex/latex/base/size10.clo
File: size10.clo 2023/05/17 v1.4n Standard LaTeX file (size option)
)
\c@part=\count187
\c@section=\count188
\c@subsection=\count189
\c@subsubsection=\count190
\c@paragraph=\count191
\c@subparagraph=\count192
\c@figure=\count193
\c@table=\count194
\abovecaptionskip=\skip48
\belowcaptionskip=\skip49
\bibindent=\dimen140
)
(/usr/share/texlive/texmf-dist/tex/latex/geometry/geometry.sty
Package: geometry 2020/01/02 v5.9 Page Geometry

(/usr/share/texlive/texmf-dist/tex/latex/graphics/keyval.sty
Package: keyval 2022/05/29 v1.15 key=value parser (DPC)
\KV@toks@=\toks17
)
(/usr/share/texlive/texmf-dist/tex/generic/iftex/ifvtex.sty
Package: ifvtex 2019/10/25 v1.7 ifvtex legacy package. Use iftex instead.

(/usr/share/texlive/texmf-dist/tex/generic/iftex/iftex.sty
Package: iftex 2022/02/03 v1.0f TeX engine tests
))
\Gm@cnth=\count195
\Gm@cntv=\count196
\c@Gm@tempcnt=\count197
\Gm@bindingoffset=\dimen141
\Gm@wd@mp=\dimen142
\Gm@odd@mp=\dimen143
\Gm@even@mp=\dimen144
\Gm@layoutwidth=\dimen145
\Gm@layoutheight=\dimen146
\Gm@layouthoffset=\dimen147
\Gm@layoutvoffset=\dimen148
\Gm@dimlist=\toks18
)
(/usr/share/texlive/texmf-dist/tex/latex/psnfss/times.sty
Package: times 2020/03/25 PSNFSS-v9.3 (SPQR) 
)
(/usr/share/texlive/texmf-dist/tex/latex/graphics/graphicx.sty
Package: graphicx 2021/09/16 v1.2d Enhanced LaTeX Graphics (DPC,SPQR)

(/usr/share/texlive/texmf-dist/tex/latex/graphics/graphics.sty
Package: graphics 2022/03/10 v1.4e Standard LaTeX Graphics (DPC,SPQR)

(/usr/share/texlive/texmf-dist/tex/latex/graphics/trig.sty
Package: trig 2021/08/11 v1.11 sin cos tan (DPC)
)
(/usr/share/texlive/texmf-dist/tex/latex/graphics-cfg/graphics.cfg
File: graphics.cfg 2016/06/04 v1.11 sample graphics configuration
)
Package graphics Info: Driver file: pdftex.def on input line 107.

(/usr/share/texlive/texmf-dist/tex/latex/graphics-def/pdftex.def
File: pdftex.def 2022/09/22 v1.2b Graphics/color driver for pdftex
))
\Gin@req@height=\dimen149
\Gin@req@width=\dimen150
)
(/usr/share/texlive/texmf-dist/tex/latex/amsmath/amsmath.sty
Package: amsmath 2023/05/13 v2.17o AMS math features
\@mathmargin=\skip50

For additional information on amsmath, use the `?' option.
(/usr/share/texlive/texmf-dist/tex/latex/amsmath/amstext.sty
Package: amstext 2021/08/26 v2.01 AMS text

(/usr/share/texlive/texmf-dist/tex/latex/amsmath/amsgen.sty
File: amsgen.sty 1999/11/30 v2.0 generic functions
\@emptytoks=\toks19
\ex@=\dimen151
))
(/usr/share/texlive/texmf-dist/tex/latex/amsmath/amsbsy.sty
Package: amsbsy 1999/11/29 v1.2d Bold Symbols
\pmbraise@=\dimen152
)
(/usr/share/texlive/texmf-dist/tex/latex/amsmath/amsopn.sty
Package: amsopn 2022/04/08 v2.04 operator names
)
\inf@bad=\count198
LaTeX Info: Redefining \frac on input line 234.
\uproot@=\count199
\leftroot@=\count266
LaTeX Info: Redefining \overline on input line 399.
LaTeX Info: Redefining \colon on input line 410.
\classnum@=\count267
\DOTSCASE@=\count268
LaTeX Info: Redefining \ldots on input line 496.
LaTeX Info: Redefining \dots on input line 499.
LaTeX Info: Redefining \cdots on input line 620.
\Mathstrutbox@=\box51
\strutbox@=\box52
LaTeX Info: Redefining \big on input line 722.
LaTeX Info: Redefining \Big on input line 723.
LaTeX Info: Redefining \bigg on input line 724.
LaTeX Info: Redefining \Bigg on input line 725.
\big@size=\dimen153
LaTeX Font Info:    Redeclaring font encoding OML on input line 743.
LaTeX Font Info:    Redeclaring font encoding OMS on input line 744.
\macc@depth=\count269
LaTeX Info: Redefining \bmod on input line 905.
LaTeX Info: Redefining \pmod on input line 910.
LaTeX Info: Redefining \smash on input line 940.
LaTeX Info: Redefining \relbar on input line 970.
LaTeX Info: Redefining \Relbar on input line 971.
\c@MaxMatrixCols=\count270
\dotsspace@=\muskip16
\c@parentequation=\count271
\dspbrk@lvl=\count272
\tag@help=\toks20
\row@=\count273
\column@=\count274
\maxfields@=\count275
\andhelp@=\toks21
\eqnshift@=\dimen154
\alignsep@=\dimen155
\tagshift@=\dimen156
\tagwidth@=\dimen157
\totwidth@=\dimen158
\lineht@=\dimen159
\@envbody=\toks22
\multlinegap=\skip51
\multlinetaggap=\skip52
\mathdisplay@stack=\toks23
LaTeX Info: Redefining \[ on input line 2953.
LaTeX Info: Redefining \] on input line 2954.
)
(/usr/share/texlive/texmf-dist/tex/latex/amsfonts/amssymb.sty
Package: amssymb 2013/01/14 v3.01 AMS font symbols

(/usr/share/texlive/texmf-dist/tex/latex/amsfonts/amsfonts.sty
Package: amsfonts 2013/01/14 v3.01 Basic AMSFonts support
\symAMSa=\mathgroup4
\symAMSb=\mathgroup5
LaTeX Font Info:    Redeclaring math symbol \hbar on input line 98.
LaTeX Font Info:    Overwriting math alphabet `\mathfrak' in version `bold'
(Font)                  U/euf/m/n --> U/euf/b/n on input line 106.
))
(/usr/share/texlive/texmf-dist/tex/latex/amscls/amsthm.sty
Package: amsthm 2020/05/29 v2.20.6
\thm@style=\toks24
\thm@bodyfont=\toks25
\thm@headfont=\toks26
\thm@notefont=\toks27
\thm@headpunct=\toks28
\thm@preskip=\skip53
\thm@postskip=\skip54
\thm@headsep=\skip55
\dth@everypar=\toks29
)
(/usr/share/texlive/texmf-dist/tex/latex/mathtools/mathtools.sty
Package: mathtools 2022/06/29 v1.29 mathematical typesetting tools

(/usr/share/texlive/texmf-dist/tex/latex/tools/calc.sty
Package: calc 2023/07/08 v4.3 Infix arithmetic (KKT,FJ)
\calc@Acount=\count276
\calc@Bcount=\count277
\calc@Adimen=\dimen160
\calc@Bdimen=\dimen161
\calc@Askip=\skip56
\calc@Bskip=\skip57
LaTeX Info: Redefining \setlength on input line 80.
LaTeX Info: Redefining \addtolength on input line 81.
\calc@Ccount=\count278
\calc@Cskip=\skip58
)
(/usr/share/texlive/texmf-dist/tex/latex/mathtools/mhsetup.sty
Package: mhsetup 2021/03/18 v1.4 programming setup (MH)
)
\g_MT_multlinerow_int=\count279
\l_MT_multwidth_dim=\dimen162
\origjot=\skip59
\l_MT_shortvdotswithinadjustabove_dim=\dimen163
\l_MT_shortvdotswithinadjustbelow_dim=\dimen164
\l_MT_above_intertext_sep=\dimen165
\l_MT_below_intertext_sep=\dimen166
\l_MT_above_shortintertext_sep=\dimen167
\l_MT_below_shortintertext_sep=\dimen168
\xmathstrut@box=\box53
\xmathstrut@dim=\dimen169
)
(/usr/share/texlive/texmf-dist/tex/latex/booktabs/booktabs.sty
Package: booktabs 2020/01/12 v1.61803398 Publication quality tables
\heavyrulewidth=\dimen170
\lightrulewidth=\dimen171
\cmidrulewidth=\dimen172
\belowrulesep=\dimen173
\belowbottomsep=\dimen174
\aboverulesep=\dimen175
\abovetopsep=\dimen176
\cmidrulesep=\dimen177
\cmidrulekern=\dimen178
\defaultaddspace=\dimen179
\@cmidla=\count280
\@cmidlb=\count281
\@aboverulesep=\dimen180
\@belowrulesep=\dimen181
\@thisruleclass=\count282
\@lastruleclass=\count283
\@thisrulewidth=\dimen182
)
(/usr/share/texlive/texmf-dist/tex/latex/multirow/multirow.sty
Package: multirow 2021/03/15 v2.8 Span multiple rows of a table
\multirow@colwidth=\skip60
\multirow@cntb=\count284
\multirow@dima=\skip61
\bigstrutjot=\dimen183
)
(/usr/share/texlive/texmf-dist/tex/latex/xcolor/xcolor.sty
Package: xcolor 2023/11/15 v3.01 LaTeX color extensions (UK)

(/usr/share/texlive/texmf-dist/tex/latex/graphics-cfg/color.cfg
File: color.cfg 2016/01/02 v1.6 sample color configuration
)
Package xcolor Info: Driver file: pdftex.def on input line 274.

(/usr/share/texlive/texmf-dist/tex/latex/graphics/mathcolor.ltx)
Package xcolor Info: Model `cmy' substituted by `cmy0' on input line 1350.
Package xcolor Info: Model `hsb' substituted by `rgb' on input line 1354.
Package xcolor Info: Model `RGB' extended on input line 1366.
Package xcolor Info: Model `HTML' substituted by `rgb' on input line 1368.
Package xcolor Info: Model `Hsb' substituted by `hsb' on input line 1369.
Package xcolor Info: Model `tHsb' substituted by `hsb' on input line 1370.
Package xcolor Info: Model `HSB' substituted by `hsb' on input line 1371.
Package xcolor Info: Model `Gray' substituted by `gray' on input line 1372.
Package xcolor Info: Model `wave' substituted by `hsb' on input line 1373.
)
(/usr/share/texlive/texmf-dist/tex/latex/hyperref/hyperref.sty
Package: hyperref 2024-01-20 v7.01h Hypertext links for LaTeX

(/usr/share/texlive/texmf-dist/tex/latex/kvsetkeys/kvsetkeys.sty
Package: kvsetkeys 2022-10-05 v1.19 Key value parser (HO)
)
(/usr/share/texlive/texmf-dist/tex/generic/kvdefinekeys/kvdefinekeys.sty
Package: kvdefinekeys 2019-12-19 v1.6 Define keys (HO)
)
(/usr/share/texlive/texmf-dist/tex/generic/pdfescape/pdfescape.sty
Package: pdfescape 2019/12/09 v1.15 Implements pdfTeX's escape features (HO)

(/usr/share/texlive/texmf-dist/tex/generic/ltxcmds/ltxcmds.sty
Package: ltxcmds 2023-12-04 v1.26 LaTeX kernel commands for general use (HO)
)
(/usr/share/texlive/texmf-dist/tex/generic/pdftexcmds/pdftexcmds.sty
Package: pdftexcmds 2020-06-27 v0.33 Utility functions of pdfTeX for LuaTeX (HO
)

(/usr/share/texlive/texmf-dist/tex/generic/infwarerr/infwarerr.sty
Package: infwarerr 2019/12/03 v1.5 Providing info/warning/error messages (HO)
)
Package pdftexcmds Info: \pdf@primitive is available.
Package pdftexcmds Info: \pdf@ifprimitive is available.
Package pdftexcmds Info: \pdfdraftmode found.
))
(/usr/share/texlive/texmf-dist/tex/latex/hycolor/hycolor.sty
Package: hycolor 2020-01-27 v1.10 Color options for hyperref/bookmark (HO)
)
(/usr/share/texlive/texmf-dist/tex/latex/auxhook/auxhook.sty
Package: auxhook 2019-12-17 v1.6 Hooks for auxiliary files (HO)
)
(/usr/share/texlive/texmf-dist/tex/latex/hyperref/nameref.sty
Package: nameref 2023-11-26 v2.56 Cross-referencing by name of section

(/usr/share/texlive/texmf-dist/tex/latex/refcount/refcount.sty
Package: refcount 2019/12/15 v3.6 Data extraction from label references (HO)
)
(/usr/share/texlive/texmf-dist/tex/generic/gettitlestring/gettitlestring.sty
Package: gettitlestring 2019/12/15 v1.6 Cleanup title references (HO)

(/usr/share/texlive/texmf-dist/tex/latex/kvoptions/kvoptions.sty
Package: kvoptions 2022-06-15 v3.15 Key value format for package options (HO)
))
\c@section@level=\count285
)
(/usr/share/texlive/texmf-dist/tex/latex/etoolbox/etoolbox.sty
Package: etoolbox 2020/10/05 v2.5k e-TeX tools for LaTeX (JAW)
\etb@tempcnta=\count286
)
\@linkdim=\dimen184
\Hy@linkcounter=\count287
\Hy@pagecounter=\count288

(/usr/share/texlive/texmf-dist/tex/latex/hyperref/pd1enc.def
File: pd1enc.def 2024-01-20 v7.01h Hyperref: PDFDocEncoding definition (HO)
Now handling font encoding PD1 ...
... no UTF-8 mapping file for font encoding PD1
)
(/usr/share/texlive/texmf-dist/tex/generic/intcalc/intcalc.sty
Package: intcalc 2019/12/15 v1.3 Expandable calculations with integers (HO)
)
\Hy@SavedSpaceFactor=\count289

(/usr/share/texlive/texmf-dist/tex/latex/hyperref/puenc.def
File: puenc.def 2024-01-20 v7.01h Hyperref: PDF Unicode definition (HO)
Now handling font encoding PU ...
... no UTF-8 mapping file for font encoding PU
)
Package hyperref Info: Hyper figures OFF on input line 4179.
Package hyperref Info: Link nesting OFF on input line 4184.
Package hyperref Info: Hyper index ON on input line 4187.
Package hyperref Info: Plain pages OFF on input line 4194.
Package hyperref Info: Backreferencing OFF on input line 4199.
Package hyperref Info: Implicit mode ON; LaTeX internals redefined.
Package hyperref Info: Bookmarks ON on input line 4446.
\c@Hy@tempcnt=\count290

(/usr/share/texlive/texmf-dist/tex/latex/url/url.sty
\Urlmuskip=\muskip17
Package: url 2013/09/16  ver 3.4  Verb mode for urls, etc.
)
LaTeX Info: Redefining \url on input line 4784.
\XeTeXLinkMargin=\dimen185

(/usr/share/texlive/texmf-dist/tex/generic/bitset/bitset.sty
Package: bitset 2019/12/09 v1.3 Handle bit-vector datatype (HO)

(/usr/share/texlive/texmf-dist/tex/generic/bigintcalc/bigintcalc.sty
Package: bigintcalc 2019/12/15 v1.5 Expandable calculations on big integers (HO
)
))
\Fld@menulength=\count291
\Field@Width=\dimen186
\Fld@charsize=\dimen187
Package hyperref Info: Hyper figures OFF on input line 6063.
Package hyperref Info: Link nesting OFF on input line 6068.
Package hyperref Info: Hyper index ON on input line 6071.
Package hyperref Info: backreferencing OFF on input line 6078.
Package hyperref Info: Link coloring OFF on input line 6083.
Package hyperref Info: Link coloring with OCG OFF on input line 6088.
Package hyperref Info: PDF/A mode OFF on input line 6093.

(/usr/share/texlive/texmf-dist/tex/latex/base/atbegshi-ltx.sty
Package: atbegshi-ltx 2021/01/10 v1.0c Emulation of the original atbegshi
package with kernel methods
)
\Hy@abspage=\count292
\c@Item=\count293
\c@Hfootnote=\count294
)
Package hyperref Info: Driver (autodetected): hpdftex.

(/usr/share/texlive/texmf-dist/tex/latex/hyperref/hpdftex.def
File: hpdftex.def 2024-01-20 v7.01h Hyperref driver for pdfTeX

(/usr/share/texlive/texmf-dist/tex/latex/base/atveryend-ltx.sty
Package: atveryend-ltx 2020/08/19 v1.0a Emulation of the original atveryend pac
kage
with kernel methods
)
\Fld@listcount=\count295
\c@bookmark@seq@number=\count296

(/usr/share/texlive/texmf-dist/tex/latex/rerunfilecheck/rerunfilecheck.sty
Package: rerunfilecheck 2022-07-10 v1.10 Rerun checks for auxiliary files (HO)

(/usr/share/texlive/texmf-dist/tex/generic/uniquecounter/uniquecounter.sty
Package: uniquecounter 2019/12/15 v1.4 Provide unlimited unique counter (HO)
)
Package uniquecounter Info: New unique counter `rerunfilecheck' on input line 2
85.
)
\Hy@SectionHShift=\skip62
)
(/usr/share/texlive/texmf-dist/tex/latex/caption/caption.sty
Package: caption 2023/08/05 v3.6o Customizing captions (AR)

(/usr/share/texlive/texmf-dist/tex/latex/caption/caption3.sty
Package: caption3 2023/07/31 v2.4d caption3 kernel (AR)
\caption@tempdima=\dimen188
\captionmargin=\dimen189
\caption@leftmargin=\dimen190
\caption@rightmargin=\dimen191
\caption@width=\dimen192
\caption@indent=\dimen193
\caption@parindent=\dimen194
\caption@hangindent=\dimen195
Package caption Info: Standard document class detected.
)
\c@caption@flags=\count297
\c@continuedfloat=\count298
Package caption Info: hyperref package is loaded.
)
(/usr/share/texlive/texmf-dist/tex/latex/caption/subcaption.sty
Package: subcaption 2023/07/28 v1.6b Sub-captions (AR)
Package caption Info: New subtype `subfigure' on input line 238.
\c@subfigure=\count299
Package caption Info: New subtype `subtable' on input line 238.
\c@subtable=\count300
)
(/usr/share/texlive/texmf-dist/tex/latex/microtype/microtype.sty
Package: microtype 2023/03/13 v3.1a Micro-typographical refinements (RS)
\MT@toks=\toks30
\MT@tempbox=\box54
\MT@count=\count301
LaTeX Info: Redefining \noprotrusionifhmode on input line 1059.
LaTeX Info: Redefining \leftprotrusion on input line 1060.
\MT@prot@toks=\toks31
LaTeX Info: Redefining \rightprotrusion on input line 1078.
LaTeX Info: Redefining \textls on input line 1368.
\MT@outer@kern=\dimen196
LaTeX Info: Redefining \textmicrotypecontext on input line 1988.
\MT@listname@count=\count302

(/usr/share/texlive/texmf-dist/tex/latex/microtype/microtype-pdftex.def
File: microtype-pdftex.def 2023/03/13 v3.1a Definitions specific to pdftex (RS)

LaTeX Info: Redefining \lsstyle on input line 902.
LaTeX Info: Redefining \lslig on input line 902.
\MT@outer@space=\skip63
)
Package microtype Info: Loading configuration file microtype.cfg.

(/usr/share/texlive/texmf-dist/tex/latex/microtype/microtype.cfg
File: microtype.cfg 2023/03/13 v3.1a microtype main configuration file (RS)
))
(/usr/share/texlive/texmf-dist/tex/latex/enumitem/enumitem.sty
Package: enumitem 2019/06/20 v3.9 Customized lists
\labelindent=\skip64
\enit@outerparindent=\dimen197
\enit@toks=\toks32
\enit@inbox=\box55
\enit@count@id=\count303
\enitdp@description=\count304
)
(/usr/share/texlive/texmf-dist/tex/latex/float/float.sty
Package: float 2001/11/08 v1.3d Float enhancements (AL)
\c@float@type=\count305
\float@exts=\toks33
\float@box=\box56
\@float@everytoks=\toks34
\@floatcapt=\box57
)
\@float@every@algorithm=\toks35
\c@algorithm=\count306
\c@algline=\count307
\c@definition=\count308
\c@lemma=\count309
\c@proposition=\count310
\c@theorem=\count311
\c@corollary=\count312
\c@remark=\count313
Package hyperref Info: Option `colorlinks' set `true' on input line 40.
LaTeX Font Info:    Trying to load font information for OT1+ptm on input line 6
0.

(/usr/share/texlive/texmf-dist/tex/latex/psnfss/ot1ptm.fd
File: ot1ptm.fd 2001/06/04 font definitions for OT1/ptm.
)
(/usr/share/texlive/texmf-dist/tex/latex/l3backend/l3backend-pdftex.def
File: l3backend-pdftex.def 2024-01-04 L3 backend support: PDF output (pdfTeX)
\l__color_backend_stack_int=\count314
\l__pdf_internal_box=\box58
)
(./paper_tpami_v3.aux)
\openout1 = `paper_tpami_v3.aux'.

LaTeX Font Info:    Checking defaults for OML/cmm/m/it on input line 60.
LaTeX Font Info:    ... okay on input line 60.
LaTeX Font Info:    Checking defaults for OMS/cmsy/m/n on input line 60.
LaTeX Font Info:    ... okay on input line 60.
LaTeX Font Info:    Checking defaults for OT1/cmr/m/n on input line 60.
LaTeX Font Info:    ... okay on input line 60.
LaTeX Font Info:    Checking defaults for T1/cmr/m/n on input line 60.
LaTeX Font Info:    ... okay on input line 60.
LaTeX Font Info:    Checking defaults for TS1/cmr/m/n on input line 60.
LaTeX Font Info:    ... okay on input line 60.
LaTeX Font Info:    Checking defaults for OMX/cmex/m/n on input line 60.
LaTeX Font Info:    ... okay on input line 60.
LaTeX Font Info:    Checking defaults for U/cmr/m/n on input line 60.
LaTeX Font Info:    ... okay on input line 60.
LaTeX Font Info:    Checking defaults for PD1/pdf/m/n on input line 60.
LaTeX Font Info:    ... okay on input line 60.
LaTeX Font Info:    Checking defaults for PU/pdf/m/n on input line 60.
LaTeX Font Info:    ... okay on input line 60.

*geometry* driver: auto-detecting
*geometry* detected driver: pdftex
*geometry* verbose mode - [ preamble ] result:
* driver: pdftex
* paper: letterpaper
* layout: <same size as paper>
* layoutoffset:(h,v)=(0.0pt,0.0pt)
* modes: 
* h-part:(L,W,R)=(54.2025pt, 505.89pt, 54.2025pt)
* v-part:(T,H,B)=(54.2025pt, 686.56499pt, 54.2025pt)
* \paperwidth=614.295pt
* \paperheight=794.96999pt
* \textwidth=505.89pt
* \textheight=686.56499pt
* \oddsidemargin=-18.06749pt
* \evensidemargin=-18.06749pt
* \topmargin=-55.06749pt
* \headheight=12.0pt
* \headsep=25.0pt
* \topskip=10.0pt
* \footskip=30.0pt
* \marginparwidth=4.0pt
* \marginparsep=10.0pt
* \columnsep=18.06749pt
* \skip\footins=9.0pt plus 4.0pt minus 2.0pt
* \hoffset=0.0pt
* \voffset=0.0pt
* \mag=1000
* \@twocolumntrue
* \@twosidefalse
* \@mparswitchfalse
* \@reversemarginfalse
* (1in=72.27pt=25.4mm, 1cm=28.453pt)

(/usr/share/texlive/texmf-dist/tex/context/base/mkii/supp-pdf.mkii
[Loading MPS to PDF converter (version 2006.09.02).]
\scratchcounter=\count315
\scratchdimen=\dimen198
\scratchbox=\box59
\nofMPsegments=\count316
\nofMParguments=\count317
\everyMPshowfont=\toks36
\MPscratchCnt=\count318
\MPscratchDim=\dimen199
\MPnumerator=\count319
\makeMPintoPDFobject=\count320
\everyMPtoPDFconversion=\toks37
) (/usr/share/texlive/texmf-dist/tex/latex/epstopdf-pkg/epstopdf-base.sty
Package: epstopdf-base 2020-01-24 v2.11 Base part for package epstopdf
Package epstopdf-base Info: Redefining graphics rule for `.eps' on input line 4
85.

(/usr/share/texlive/texmf-dist/tex/latex/latexconfig/epstopdf-sys.cfg
File: epstopdf-sys.cfg 2010/07/13 v1.3 Configuration of (r)epstopdf for TeX Liv
e
))
Package hyperref Info: Link coloring ON on input line 60.

(./paper_tpami_v3.out) (./paper_tpami_v3.out)
\@outlinefile=\write3
\openout3 = `paper_tpami_v3.out'.

Package caption Info: Begin \AtBeginDocument code.
Package caption Info: float package is loaded.
Package caption Info: End \AtBeginDocument code.
LaTeX Info: Redefining \microtypecontext on input line 60.
Package microtype Info: Applying patch `item' on input line 60.
Package microtype Info: Applying patch `toc' on input line 60.
Package microtype Info: Applying patch `eqnum' on input line 60.
Package microtype Info: Applying patch `footnote' on input line 60.
Package microtype Info: Applying patch `verbatim' on input line 60.
Package microtype Info: Generating PDF output.
Package microtype Info: Character protrusion enabled (level 2).
Package microtype Info: Using default protrusion set `alltext'.
Package microtype Info: Automatic font expansion enabled (level 2),
(microtype)             stretch: 20, shrink: 20, step: 1, non-selected.
Package microtype Info: Using default expansion set `alltext-nott'.
LaTeX Info: Redefining \showhyphens on input line 60.
Package microtype Info: No adjustment of tracking.
Package microtype Info: No adjustment of interword spacing.
Package microtype Info: No adjustment of character kerning.

(/usr/share/texlive/texmf-dist/tex/latex/microtype/mt-ptm.cfg
File: mt-ptm.cfg 2006/04/20 v1.7 microtype config. file: Times (RS)
)
(/usr/share/texlive/texmf-dist/tex/latex/microtype/mt-cmr.cfg
File: mt-cmr.cfg 2013/05/19 v2.2 microtype config. file: Computer Modern Roman 
(RS)
)
LaTeX Font Info:    Trying to load font information for U+msa on input line 77.


(/usr/share/texlive/texmf-dist/tex/latex/amsfonts/umsa.fd
File: umsa.fd 2013/01/14 v3.01 AMS symbols A
)
(/usr/share/texlive/texmf-dist/tex/latex/microtype/mt-msa.cfg
File: mt-msa.cfg 2006/02/04 v1.1 microtype config. file: AMS symbols (a) (RS)
)
LaTeX Font Info:    Trying to load font information for U+msb on input line 77.


(/usr/share/texlive/texmf-dist/tex/latex/amsfonts/umsb.fd
File: umsb.fd 2013/01/14 v3.01 AMS symbols B
)
(/usr/share/texlive/texmf-dist/tex/latex/microtype/mt-msb.cfg
File: mt-msb.cfg 2005/06/01 v1.0 microtype config. file: AMS symbols (b) (RS)
)
LaTeX Font Info:    Trying to load font information for TS1+ptm on input line 7
7.

(/usr/share/texlive/texmf-dist/tex/latex/psnfss/ts1ptm.fd
File: ts1ptm.fd 2001/06/04 font definitions for TS1/ptm.
)
<figures/fig1_qualitative.png, id=100, 2246.3925pt x 1108.14pt>
File: figures/fig1_qualitative.png Graphic file (type png)
<use figures/fig1_qualitative.png>
Package pdftex.def Info: figures/fig1_qualitative.png  used on input line 77.
(pdftex.def)             Requested size: 505.89pt x 249.54056pt.


Package caption Warning: The option `hypcap=true' will be ignored for this
(caption)                particular \caption on input line 77.
See the caption package documentation for explanation.


LaTeX Warning: Optional argument of \twocolumn too tall on page 1.


Overfull \vbox (30.0pt too high) has occurred while \output is active []



LaTeX Warning: Text page 1 contains only floats.


Overfull \vbox (30.0pt too high) has occurred while \output is active []


Overfull \vbox (16.0pt too high) has occurred while \output is active []

 [1{/var/lib/texmf/fonts/map/pdftex/updmap/pdftex.map}{/usr/share/texlive/texmf
-dist/fonts/enc/dvips/base/8r.enc}


 <./figures/fig1_qualitative.png (PNG copy)>]
Underfull \hbox (badness 1038) in paragraph at lines 94--95
 []\OT1/ptm/b/n/10 (+20) Physics in-side ar-chi-tec-tures.[] \OT1/ptm/m/n/10 (+
20) Grav-i-ty-former mul-ti-plies
 []

(./content/method_tpami.tex
Underfull \hbox (badness 1881) in paragraph at lines 6--7
[]\OT1/ptm/b/n/10 (+20) Stage B (hy-bridiza-tion): \OT1/ptm/m/n/10 (+20) Com-pl
e-men-tary Modal-ity
 []

[2] [3]
Underfull \hbox (badness 5161) in paragraph at lines 188--190
\OT1/ptm/m/n/10 (+20) At $\OT1/cmr/m/n/10 256 \OMS/cmsy/m/n/10 ^^B \OT1/cmr/m/n
/10 256$ \OT1/ptm/m/n/10 (+20) in-put the physics pyra-mid lives on
 []


Underfull \hbox (badness 10000) in paragraph at lines 220--221
 []\OT1/ptm/b/n/10 (+20) Foundation stack.[] \OT1/ptm/m/n/10 (+20) A six-band o
b-served stack
 []


Underfull \hbox (badness 7576) in paragraph at lines 220--221
\OT1/ptm/m/n/10 (+20) feeds Prithvi-EO with LoRA [[], []]: on Land-
 []


Underfull \hbox (badness 10000) in paragraph at lines 220--221
\OT1/ptm/m/n/10 (+20) slide4Sense, $\OT1/cmr/m/n/10 [\OML/cmm/m/it/10 R; G; B; 
[]; []; []\OT1/cmr/m/n/10 ]$\OT1/ptm/m/n/10 (+20) ; on Bi-jie,
 []


Underfull \hbox (badness 1320) in paragraph at lines 222--222
[]\OT1/ptm/b/n/12 (+20) Stage A--B: Pen-tas-tream en-cod-ing and
 []


Underfull \hbox (badness 10000) in paragraph at lines 232--235
\OT1/ptm/m/n/10 (+20) EfficientNet-B4 at $\OT1/cmr/m/n/10 256 \OMS/cmsy/m/n/10 
^^B \OT1/cmr/m/n/10 256$ \OT1/ptm/m/n/10 (+20) yields spa-tial grids
 []

[4]
Package hyperref Info: bookmark level for unknown algorithm defaults to 0 on in
put line 255.
LaTeX Font Info:    Trying to load font information for OT1+pcr on input line 2
58.
 (/usr/share/texlive/texmf-dist/tex/latex/psnfss/ot1pcr.fd
File: ot1pcr.fd 2001/06/04 font definitions for OT1/pcr.
)
Package microtype Info: Loading generic protrusion settings for font family
(microtype)             `pcr' (encoding: OT1).
(microtype)             For optimal results, create family-specific settings.
(microtype)             See the microtype manual for details.

Underfull \hbox (badness 3668) in paragraph at lines 353--357
\OT1/ptm/m/n/10 (+20) from $\OML/cmm/m/it/10 H[]$\OT1/ptm/m/n/10 (+20) , with a
n op-tional tem-po-ral router $\OML/cmm/m/it/10 ! \OT1/cmr/m/n/10 =
 []

[5
pdfTeX warning (ext4): destination with the same identifier (name{algline.1}) h
as been already used, duplicate ignored
<argument> ...shipout:D \box_use:N \l_shipout_box 
                                                  \__shipout_drop_firstpage_...
l.388 
      
pdfTeX warning (ext4): destination with the same identifier (name{algline.2}) h
as been already used, duplicate ignored
<argument> ...shipout:D \box_use:N \l_shipout_box 
                                                  \__shipout_drop_firstpage_...
l.388 
      
pdfTeX warning (ext4): destination with the same identifier (name{algline.3}) h
as been already used, duplicate ignored
<argument> ...shipout:D \box_use:N \l_shipout_box 
                                                  \__shipout_drop_firstpage_...
l.388 
      
pdfTeX warning (ext4): destination with the same identifier (name{algline.4}) h
as been already used, duplicate ignored
<argument> ...shipout:D \box_use:N \l_shipout_box 
                                                  \__shipout_drop_firstpage_...
l.388 
      
pdfTeX warning (ext4): destination with the same identifier (name{algline.5}) h
as been already used, duplicate ignored
<argument> ...shipout:D \box_use:N \l_shipout_box 
                                                  \__shipout_drop_firstpage_...
l.388 
      
pdfTeX warning (ext4): destination with the same identifier (name{algline.6}) h
as been already used, duplicate ignored
<argument> ...shipout:D \box_use:N \l_shipout_box 
                                                  \__shipout_drop_firstpage_...
l.388 
      ]
Underfull \hbox (badness 7168) in paragraph at lines 390--391
 []\OT1/ptm/b/n/10 (+20) Shared vs. path-specific in-puts.[] \OT1/ptm/m/n/10 (+
20) Both paths share
 []


pdfTeX warning (ext4): destination with the same identifier (name{algline.1}) h
as been already used, duplicate ignored
<to be read again> 
                   \relax 
l.418 \State
             \(S'\leftarrow\mathrm{match\_spatial}(S,D)\)
pdfTeX warning (ext4): destination with the same identifier (name{algline.2}) h
as been already used, duplicate ignored
<to be read again> 
                   \relax 
l.419 \State
             \(\beta\leftarrow\sigma(\mathrm{Conv}_{1\times1}([D;S']))\)
pdfTeX warning (ext4): destination with the same identifier (name{algline.3}) h
as been already used, duplicate ignored
<to be read again> 
                   \relax 
l.420 \State
             \textbf{return} \(D+\beta\odot\mathrm{LatentMechanisticCell}(S')\)

pdfTeX warning (ext4): destination with the same identifier (name{algline.1}) h
as been already used, duplicate ignored
<to be read again> 
                   \relax 
l.471 \State
             align proxies to logit resolution
pdfTeX warning (ext4): destination with the same identifier (name{algline.2}) h
as been already used, duplicate ignored
<to be read again> 
                   \relax 
l.472 \State
             \(\mathrm{FE}_p\leftarrow\mathrm{ReLU}(1-\mathrm{FS}_{\mathrm{n...

pdfTeX warning (ext4): destination with the same identifier (name{algline.3}) h
as been already used, duplicate ignored
<to be read again> 
                   \relax 
l.473 \State
             \([w_A,w_B]\leftarrow\mathrm{softmax}([\mathrm{FE}_A,\mathrm{FE...

pdfTeX warning (ext4): destination with the same identifier (name{algline.4}) h
as been already used, duplicate ignored
<to be read again> 
                   \relax 
l.474 \State
             \(O\leftarrow w_A O_A+w_B O_B+\mathrm{Conv}_{1\times1}([O_A;O_B...

pdfTeX warning (ext4): destination with the same identifier (name{algline.5}) h
as been already used, duplicate ignored
<to be read again> 
                   \relax 
l.475 \State
             \(R\leftarrow\mathrm{mean}(-(w\log(w+\varepsilon)))\)
pdfTeX warning (ext4): destination with the same identifier (name{algline.6}) h
as been already used, duplicate ignored
<to be read again> 
                   \relax 
l.476 \State
             \textbf{return} \(O,R\)
pdfTeX warning (ext4): destination with the same identifier (name{algline.1}) h
as been already used, duplicate ignored
<to be read again> 
                   \relax 
l.485 \State
             \((s,d,v)\leftarrow\mathrm{physics\_proxies}(x_1,x_2)\); map \(...

pdfTeX warning (ext4): destination with the same identifier (name{algline.2}) h
as been already used, duplicate ignored
<to be read again> 
                   \relax 
l.486 \State
             encode \(E_{\mathrm{rgb}},E_{\mathrm{dem}},P_{\mathrm{rgb}},P_{...

pdfTeX warning (ext4): destination with the same identifier (name{algline.3}) h
as been already used, duplicate ignored
<to be read again> 
                   \relax 
l.487 \State
             \textbf{for} \(i=0..4\): CMB hybrids \(H^{i}\); align \(\hat{T}...

pdfTeX warning (ext4): destination with the same identifier (name{algline.4}) h
as been already used, duplicate ignored
<to be read again> 
                   \relax 
l.488 \State
             \textbf{for} \(L\in\{0..3\}\): \(S^{L}\leftarrow\mathrm{TTEB}(\...

pdfTeX warning (ext4): destination with the same identifier (name{algline.5}) h
as been already used, duplicate ignored
<to be read again> 
                   \relax 
l.489 \State
             \(F^{2},F^{3}\leftarrow\mathrm{MAO}\) at levels \(2,3\)
pdfTeX warning (ext4): destination with the same identifier (name{algline.6}) h
as been already used, duplicate ignored
<to be read again> 
                   \relax 
l.490 \State
             dual \(\mathrm{PhysDec}\) \(\rightarrow(O_A,O_B)\) at three heads
[6
pdfTeX warning (ext4): destination with the same identifier (name{algline.1}) h
as been already used, duplicate ignored
<argument> ...shipout:D \box_use:N \l_shipout_box 
                                                  \__shipout_drop_firstpage_...
l.510 \begin{equation}
                      
pdfTeX warning (ext4): destination with the same identifier (name{algline.2}) h
as been already used, duplicate ignored
<argument> ...shipout:D \box_use:N \l_shipout_box 
                                                  \__shipout_drop_firstpage_...
l.510 \begin{equation}
                      
pdfTeX warning (ext4): destination with the same identifier (name{algline.3}) h
as been already used, duplicate ignored
<argument> ...shipout:D \box_use:N \l_shipout_box 
                                                  \__shipout_drop_firstpage_...
l.510 \begin{equation}
                      
pdfTeX warning (ext4): destination with the same identifier (name{algline.4}) h
as been already used, duplicate ignored
<argument> ...shipout:D \box_use:N \l_shipout_box 
                                                  \__shipout_drop_firstpage_...
l.510 \begin{equation}
                      
pdfTeX warning (ext4): destination with the same identifier (name{algline.5}) h
as been already used, duplicate ignored
<argument> ...shipout:D \box_use:N \l_shipout_box 
                                                  \__shipout_drop_firstpage_...
l.510 \begin{equation}
                      
pdfTeX warning (ext4): destination with the same identifier (name{algline.6}) h
as been already used, duplicate ignored
<argument> ...shipout:D \box_use:N \l_shipout_box 
                                                  \__shipout_drop_firstpage_...
l.510 \begin{equation}
                      ])
<figures/tpami/fig_bounded_positive_scale.png, id=351, 375.804pt x 260.172pt>
File: figures/tpami/fig_bounded_positive_scale.png Graphic file (type png)
<use figures/tpami/fig_bounded_positive_scale.png>
Package pdftex.def Info: figures/tpami/fig_bounded_positive_scale.png  used on 
input line 121.
(pdftex.def)             Requested size: 243.91125pt x 168.86365pt.
<figures/tpami/fig_fs_landscape.png, id=353, 375.804pt x 289.08pt>
File: figures/tpami/fig_fs_landscape.png Graphic file (type png)
<use figures/tpami/fig_fs_landscape.png>
Package pdftex.def Info: figures/tpami/fig_fs_landscape.png  used on input line
 128.
(pdftex.def)             Requested size: 243.91125pt x 187.62628pt.
<figures/tpami/fig_mpef_routing.png, id=354, 375.804pt x 260.172pt>
File: figures/tpami/fig_mpef_routing.png Graphic file (type png)
<use figures/tpami/fig_mpef_routing.png>
Package pdftex.def Info: figures/tpami/fig_mpef_routing.png  used on input line
 135.
(pdftex.def)             Requested size: 243.91125pt x 168.86365pt.
<figures/tpami/fig_fs_local_lipschitz_hist.png, id=355, 375.804pt x 260.172pt>
File: figures/tpami/fig_fs_local_lipschitz_hist.png Graphic file (type png)
<use figures/tpami/fig_fs_local_lipschitz_hist.png>
Package pdftex.def Info: figures/tpami/fig_fs_local_lipschitz_hist.png  used on
 input line 142.
(pdftex.def)             Requested size: 243.91125pt x 168.86365pt.
<figures/tpami/fig_tpami_lce_schematic.png, id=356, 397.485pt x 231.264pt>
File: figures/tpami/fig_tpami_lce_schematic.png Graphic file (type png)
<use figures/tpami/fig_tpami_lce_schematic.png>
Package pdftex.def Info: figures/tpami/fig_tpami_lce_schematic.png  used on inp
ut line 149.
(pdftex.def)             Requested size: 243.91125pt x 141.91422pt.
 [7 <./figures/tpami/fig_bounded_positive_scale.png>]
Underfull \hbox (badness 1715) in paragraph at lines 159--160
\OT1/ptm/m/n/10 (+20) LinkNet, DEP-UNet, GM-Net, RMAU-Net, Tran-sUNet,
 []


Underfull \hbox (badness 1226) in paragraph at lines 159--160
\OT1/ptm/m/n/10 (+20) EMR-HRNet, Shape-Former, Dual-Stream UNet, U-Net,
 []


Underfull \hbox (badness 3407) in paragraph at lines 162--163
\OT1/ptm/m/n/10 (+20) ($\OT1/cmr/m/n/10 0\OML/cmm/m/it/10 :\OT1/cmr/m/n/10 710$
\OT1/ptm/m/n/10 (+20) /$\OT1/cmr/m/n/10 0\OML/cmm/m/it/10 :\OT1/cmr/m/n/10 636$
\OT1/ptm/m/n/10 (+20) ). Gains ver-sus DeepLabV3+ and dual-
 []

<figures/tpami/fig_tpami_deltas.png, id=383, 592.2125pt x 245.718pt>
File: figures/tpami/fig_tpami_deltas.png Graphic file (type png)
<use figures/tpami/fig_tpami_deltas.png>
Package pdftex.def Info: figures/tpami/fig_tpami_deltas.png  used on input line
 195.
(pdftex.def)             Requested size: 243.91125pt x 101.20244pt.
<figures/tpami/fig_tpami_iou_rank.png, id=384, 650.43pt x 289.08pt>
File: figures/tpami/fig_tpami_iou_rank.png Graphic file (type png)
<use figures/tpami/fig_tpami_iou_rank.png>
Package pdftex.def Info: figures/tpami/fig_tpami_iou_rank.png  used on input li
ne 202.
(pdftex.def)             Requested size: 243.91125pt x 108.40472pt.
<figures/fig_bijie_bars.png, id=385, 722.7pt x 361.35pt>
File: figures/fig_bijie_bars.png Graphic file (type png)
<use figures/fig_bijie_bars.png>
Package pdftex.def Info: figures/fig_bijie_bars.png  used on input line 209.
(pdftex.def)             Requested size: 243.91125pt x 121.95311pt.
<figures/fig_l4s_bars.png, id=386, 722.7pt x 361.35pt>
File: figures/fig_l4s_bars.png Graphic file (type png)
<use figures/fig_l4s_bars.png>
Package pdftex.def Info: figures/fig_l4s_bars.png  used on input line 216.
(pdftex.def)             Requested size: 243.91125pt x 121.95311pt.
<figures/tpami/fig_tpami_bijie_curves.png, id=387, 722.7pt x 231.264pt>
File: figures/tpami/fig_tpami_bijie_curves.png Graphic file (type png)
<use figures/tpami/fig_tpami_bijie_curves.png>
Package pdftex.def Info: figures/tpami/fig_tpami_bijie_curves.png  used on inpu
t line 223.
(pdftex.def)             Requested size: 243.91125pt x 78.04999pt.
<figures/tpami/fig_tpami_l4s_curves.png, id=388, 722.7pt x 231.264pt>
File: figures/tpami/fig_tpami_l4s_curves.png Graphic file (type png)
<use figures/tpami/fig_tpami_l4s_curves.png>
Package pdftex.def Info: figures/tpami/fig_tpami_l4s_curves.png  used on input 
line 230.
(pdftex.def)             Requested size: 243.91125pt x 78.04999pt.

Underfull \vbox (badness 2103) has occurred while \output is active []

 [8 <./figures/tpami/fig_fs_landscape.png> <./figures/tpami/fig_mpef_routing.pn
g> <./figures/tpami/fig_fs_local_lipschitz_hist.png> <./figures/tpami/fig_tpami
_lce_schematic.png> <./figures/tpami/fig_tpami_deltas.png>] [9 <./figures/tpami
/fig_tpami_iou_rank.png> <./figures/fig_bijie_bars.png> <./figures/fig_l4s_bars
.png> <./figures/tpami/fig_tpami_bijie_curves.png> <./figures/tpami/fig_tpami_l
4s_curves.png>]
<figures/fig26_bijie_qual.png, id=423, 3032.32875pt x 1108.14pt>
File: figures/fig26_bijie_qual.png Graphic file (type png)
<use figures/fig26_bijie_qual.png>
Package pdftex.def Info: figures/fig26_bijie_qual.png  used on input line 241.
(pdftex.def)             Requested size: 505.89pt x 184.86427pt.


Package caption Warning: The option `hypcap=true' will be ignored for this
(caption)                particular \caption on input line 243.
See the caption package documentation for explanation.

<figures/fig27_l4s_qual.png, id=424, 3032.32875pt x 1108.14pt>
File: figures/fig27_l4s_qual.png Graphic file (type png)
<use figures/fig27_l4s_qual.png>
Package pdftex.def Info: figures/fig27_l4s_qual.png  used on input line 246.
(pdftex.def)             Requested size: 505.89pt x 184.86427pt.

Package caption Warning: The option `hypcap=true' will be ignored for this
(caption)                particular \caption on input line 248.
See the caption package documentation for explanation.

[10

 <./figures/fig26_bijie_qual.png> <./figures/fig27_l4s_qual.png>] [11


]

Package caption Warning: The option `hypcap=true' will be ignored for this
(caption)                particular \caption on input line 268.
See the caption package documentation for explanation.


Package caption Warning: The option `hypcap=true' will be ignored for this
(caption)                particular \caption on input line 293.
See the caption package documentation for explanation.


Package caption Warning: The option `hypcap=true' will be ignored for this
(caption)                particular \caption on input line 315.
See the caption package documentation for explanation.

[12

]
<figures/ablation/fig_ablation_f1_dual.png, id=457, 566.0055pt x 315.0315pt>
File: figures/ablation/fig_ablation_f1_dual.png Graphic file (type png)
<use figures/ablation/fig_ablation_f1_dual.png>
Package pdftex.def Info: figures/ablation/fig_ablation_f1_dual.png  used on inp
ut line 345.
(pdftex.def)             Requested size: 243.91125pt x 135.75412pt.
<figures/ablation/fig_ablation_delta_f1.png, id=458, 569.619pt x 290.394pt>
File: figures/ablation/fig_ablation_delta_f1.png Graphic file (type png)
<use figures/ablation/fig_ablation_delta_f1.png>
Package pdftex.def Info: figures/ablation/fig_ablation_delta_f1.png  used on in
put line 352.
(pdftex.def)             Requested size: 243.91125pt x 124.34854pt.

Underfull \vbox (badness 10000) has occurred while \output is active []

<figures/ablation/fig_ablation_iou_dual.png, id=459, 566.0055pt x 297.621pt>
File: figures/ablation/fig_ablation_iou_dual.png Graphic file (type png)
<use figures/ablation/fig_ablation_iou_dual.png>
Package pdftex.def Info: figures/ablation/fig_ablation_iou_dual.png  used on in
put line 359.
(pdftex.def)             Requested size: 243.91125pt x 128.25154pt.
<figures/ablation/fig_ablation_component_help.png, id=460, 609.3675pt x 294.664
5pt>
File: figures/ablation/fig_ablation_component_help.png Graphic file (type png)
<use figures/ablation/fig_ablation_component_help.png>
Package pdftex.def Info: figures/ablation/fig_ablation_component_help.png  used
 on input line 366.
(pdftex.def)             Requested size: 243.91125pt x 117.94464pt.
<figures/ablation/fig_ablation_mechanism_swaps.png, id=461, 486.837pt x 287.109
pt>
File: figures/ablation/fig_ablation_mechanism_swaps.png Graphic file (type png)

<use figures/ablation/fig_ablation_mechanism_swaps.png>
Package pdftex.def Info: figures/ablation/fig_ablation_mechanism_swaps.png  use
d on input line 373.
(pdftex.def)             Requested size: 243.91125pt x 143.84328pt.

Underfull \vbox (badness 10000) has occurred while \output is active []

 [13

 <./figures/ablation/fig_ablation_f1_dual.png> <./figures/ablation/fig_ablation
_delta_f1.png> <./figures/ablation/fig_ablation_iou_dual.png> <./figures/ablati
on/fig_ablation_component_help.png>]
<figures/ablation/fig_ablation_cross_rank.png, id=478, 388.944pt x 363.321pt>
File: figures/ablation/fig_ablation_cross_rank.png Graphic file (type png)
<use figures/ablation/fig_ablation_cross_rank.png>
Package pdftex.def Info: figures/ablation/fig_ablation_cross_rank.png  used on 
input line 380.
(pdftex.def)             Requested size: 243.91125pt x 227.84564pt.

Underfull \hbox (badness 5119) in paragraph at lines 392--393
 []\OT1/ptm/b/n/10 (+20) Boundary com-plex-ity.[] \OT1/ptm/m/n/10 (+20) We re-p
ort Bound-ary F-score
 []


Underfull \hbox (badness 10000) in paragraph at lines 395--396
 []\OT1/ptm/b/n/10 (+20) Perturbation de-cay.[] \OT1/ptm/m/n/10 (+20) Gaus-sian
 noise $\OML/cmm/m/it/10 ^^[ \OMS/cmsy/m/n/10 2
 []

<figures/tpami/fig_latent_manifold_tsne.png, id=482, 785.8158pt x 322.3242pt>
File: figures/tpami/fig_latent_manifold_tsne.png Graphic file (type png)
<use figures/tpami/fig_latent_manifold_tsne.png>
Package pdftex.def Info: figures/tpami/fig_latent_manifold_tsne.png  used on in
put line 399.
(pdftex.def)             Requested size: 243.91125pt x 100.04242pt.
<figures/tpami/fig_boundary_metrics.png, id=483, 715.473pt x 281.853pt>
File: figures/tpami/fig_boundary_metrics.png Graphic file (type png)
<use figures/tpami/fig_boundary_metrics.png>
Package pdftex.def Info: figures/tpami/fig_boundary_metrics.png  used on input 
line 406.
(pdftex.def)             Requested size: 243.91125pt x 96.08249pt.
<figures/tpami/fig_robustness_decay.png, id=484, 513.117pt x 339.1872pt>
File: figures/tpami/fig_robustness_decay.png Graphic file (type png)
<use figures/tpami/fig_robustness_decay.png>
Package pdftex.def Info: figures/tpami/fig_robustness_decay.png  used on input 
line 413.
(pdftex.def)             Requested size: 243.91125pt x 161.23463pt.
[14 <./figures/ablation/fig_ablation_mechanism_swaps.png> <./figures/ablation/f
ig_ablation_cross_rank.png> <./figures/tpami/fig_latent_manifold_tsne.png> <./f
igures/tpami/fig_boundary_metrics.png>]
Underfull \vbox (badness 10000) has occurred while \output is active []


(./paper_tpami_v3.bbl [15 <./figures/tpami/fig_robustness_decay.png>]) [16

]
(./paper_tpami_v3.aux)
 ***********
LaTeX2e <2023-11-01> patch level 1
L3 programming layer <2024-01-22>
 ***********
Package rerunfilecheck Info: File `paper_tpami_v3.out' has not changed.
(rerunfilecheck)             Checksum: A94717B7A47742F1514AAC8B73FBBBA9;4834.
 ) 
Here is how much of TeX's memory you used:
 16387 strings out of 476182
 262857 string characters out of 5795596
 1953975 words of memory out of 5000000
 37536 multiletter control sequences out of 15000+600000
 609911 words of font info for 386 fonts, out of 8000000 for 9000
 14 hyphenation exceptions out of 8191
 75i,20n,79p,1813b,634s stack positions out of 10000i,1000n,20000p,200000b,200000s
</usr/share/texlive/texmf-dist/fonts/type1/public/amsfonts/cm/cmbx10.pfb></us
r/share/texlive/texmf-dist/fonts/type1/public/amsfonts/cm/cmex10.pfb></usr/shar
e/texlive/texmf-dist/fonts/type1/public/amsfonts/cm/cmmi10.pfb></usr/share/texl
ive/texmf-dist/fonts/type1/public/amsfonts/cm/cmmi5.pfb></usr/share/texlive/tex
mf-dist/fonts/type1/public/amsfonts/cm/cmmi6.pfb></usr/share/texlive/texmf-dist
/fonts/type1/public/amsfonts/cm/cmmi7.pfb></usr/share/texlive/texmf-dist/fonts/
type1/public/amsfonts/cm/cmmi8.pfb></usr/share/texlive/texmf-dist/fonts/type1/p
ublic/amsfonts/cm/cmmi9.pfb></usr/share/texlive/texmf-dist/fonts/type1/public/a
msfonts/cm/cmr10.pfb></usr/share/texlive/texmf-dist/fonts/type1/public/amsfonts
/cm/cmr6.pfb></usr/share/texlive/texmf-dist/fonts/type1/public/amsfonts/cm/cmr7
.pfb></usr/share/texlive/texmf-dist/fonts/type1/public/amsfonts/cm/cmr8.pfb></u
sr/share/texlive/texmf-dist/fonts/type1/public/amsfonts/cm/cmr9.pfb></usr/share
/texlive/texmf-dist/fonts/type1/public/amsfonts/cm/cmsy10.pfb></usr/share/texli
ve/texmf-dist/fonts/type1/public/amsfonts/cm/cmsy5.pfb></usr/share/texlive/texm
f-dist/fonts/type1/public/amsfonts/cm/cmsy6.pfb></usr/share/texlive/texmf-dist/
fonts/type1/public/amsfonts/cm/cmsy7.pfb></usr/share/texlive/texmf-dist/fonts/t
ype1/public/amsfonts/cm/cmsy8.pfb></usr/share/texlive/texmf-dist/fonts/type1/pu
blic/amsfonts/cm/cmsy9.pfb></usr/share/texlive/texmf-dist/fonts/type1/public/am
sfonts/symbols/msam10.pfb></usr/share/texlive/texmf-dist/fonts/type1/public/ams
fonts/symbols/msbm10.pfb></usr/share/texlive/texmf-dist/fonts/type1/urw/courier
/ucrb8a.pfb></usr/share/texlive/texmf-dist/fonts/type1/urw/courier/ucrr8a.pfb><
/usr/share/texlive/texmf-dist/fonts/type1/urw/times/utmb8a.pfb></usr/share/texl
ive/texmf-dist/fonts/type1/urw/times/utmr8a.pfb></usr/share/texlive/texmf-dist/
fonts/type1/urw/times/utmri8a.pfb>
Output written on paper_tpami_v3.pdf (16 pages, 10214668 bytes).
PDF statistics:
 674 PDF objects out of 1000 (max. 8388607)
 554 compressed objects within 6 object streams
 193 named destinations out of 1000 (max. 500000)
 69428 words of extra memory for PDF output out of 74296 (max. 10000000)

