This is pdfTeX, Version 3.141592653-2.6-1.40.25 (TeX Live 2023/Debian) (preloaded format=pdflatex 2025.8.7)  17 JUL 2026 13:50
entering extended mode
 restricted \write18 enabled.
 %&-line parsing enabled.
**report.tex
(./report.tex
LaTeX2e <2023-11-01> patch level 1
L3 programming layer <2024-01-22>
(/usr/share/texlive/texmf-dist/tex/latex/base/article.cls
Document Class: article 2023/05/17 v1.4n Standard LaTeX document class
(/usr/share/texlive/texmf-dist/tex/latex/base/size11.clo
File: size11.clo 2023/05/17 v1.4n Standard LaTeX file (size option)
)
\c@part=\count187
\c@section=\count188
\c@subsection=\count189
\c@subsubsection=\count190
\c@paragraph=\count191
\c@subparagraph=\count192
\c@figure=\count193
\c@table=\count194
\abovecaptionskip=\skip48
\belowcaptionskip=\skip49
\bibindent=\dimen140
)
(/usr/share/texlive/texmf-dist/tex/latex/geometry/geometry.sty
Package: geometry 2020/01/02 v5.9 Page Geometry

(/usr/share/texlive/texmf-dist/tex/latex/graphics/keyval.sty
Package: keyval 2022/05/29 v1.15 key=value parser (DPC)
\KV@toks@=\toks17
)
(/usr/share/texlive/texmf-dist/tex/generic/iftex/ifvtex.sty
Package: ifvtex 2019/10/25 v1.7 ifvtex legacy package. Use iftex instead.

(/usr/share/texlive/texmf-dist/tex/generic/iftex/iftex.sty
Package: iftex 2022/02/03 v1.0f TeX engine tests
))
\Gm@cnth=\count195
\Gm@cntv=\count196
\c@Gm@tempcnt=\count197
\Gm@bindingoffset=\dimen141
\Gm@wd@mp=\dimen142
\Gm@odd@mp=\dimen143
\Gm@even@mp=\dimen144
\Gm@layoutwidth=\dimen145
\Gm@layoutheight=\dimen146
\Gm@layouthoffset=\dimen147
\Gm@layoutvoffset=\dimen148
\Gm@dimlist=\toks18
)
(/usr/share/texlive/texmf-dist/tex/latex/psnfss/times.sty
Package: times 2020/03/25 PSNFSS-v9.3 (SPQR) 
)
(/usr/share/texlive/texmf-dist/tex/latex/graphics/graphicx.sty
Package: graphicx 2021/09/16 v1.2d Enhanced LaTeX Graphics (DPC,SPQR)

(/usr/share/texlive/texmf-dist/tex/latex/graphics/graphics.sty
Package: graphics 2022/03/10 v1.4e Standard LaTeX Graphics (DPC,SPQR)

(/usr/share/texlive/texmf-dist/tex/latex/graphics/trig.sty
Package: trig 2021/08/11 v1.11 sin cos tan (DPC)
)
(/usr/share/texlive/texmf-dist/tex/latex/graphics-cfg/graphics.cfg
File: graphics.cfg 2016/06/04 v1.11 sample graphics configuration
)
Package graphics Info: Driver file: pdftex.def on input line 107.

(/usr/share/texlive/texmf-dist/tex/latex/graphics-def/pdftex.def
File: pdftex.def 2022/09/22 v1.2b Graphics/color driver for pdftex
))
\Gin@req@height=\dimen149
\Gin@req@width=\dimen150
)
(/usr/share/texlive/texmf-dist/tex/latex/amsmath/amsmath.sty
Package: amsmath 2023/05/13 v2.17o AMS math features
\@mathmargin=\skip50

For additional information on amsmath, use the `?' option.
(/usr/share/texlive/texmf-dist/tex/latex/amsmath/amstext.sty
Package: amstext 2021/08/26 v2.01 AMS text

(/usr/share/texlive/texmf-dist/tex/latex/amsmath/amsgen.sty
File: amsgen.sty 1999/11/30 v2.0 generic functions
\@emptytoks=\toks19
\ex@=\dimen151
))
(/usr/share/texlive/texmf-dist/tex/latex/amsmath/amsbsy.sty
Package: amsbsy 1999/11/29 v1.2d Bold Symbols
\pmbraise@=\dimen152
)
(/usr/share/texlive/texmf-dist/tex/latex/amsmath/amsopn.sty
Package: amsopn 2022/04/08 v2.04 operator names
)
\inf@bad=\count198
LaTeX Info: Redefining \frac on input line 234.
\uproot@=\count199
\leftroot@=\count266
LaTeX Info: Redefining \overline on input line 399.
LaTeX Info: Redefining \colon on input line 410.
\classnum@=\count267
\DOTSCASE@=\count268
LaTeX Info: Redefining \ldots on input line 496.
LaTeX Info: Redefining \dots on input line 499.
LaTeX Info: Redefining \cdots on input line 620.
\Mathstrutbox@=\box51
\strutbox@=\box52
LaTeX Info: Redefining \big on input line 722.
LaTeX Info: Redefining \Big on input line 723.
LaTeX Info: Redefining \bigg on input line 724.
LaTeX Info: Redefining \Bigg on input line 725.
\big@size=\dimen153
LaTeX Font Info:    Redeclaring font encoding OML on input line 743.
LaTeX Font Info:    Redeclaring font encoding OMS on input line 744.
\macc@depth=\count269
LaTeX Info: Redefining \bmod on input line 905.
LaTeX Info: Redefining \pmod on input line 910.
LaTeX Info: Redefining \smash on input line 940.
LaTeX Info: Redefining \relbar on input line 970.
LaTeX Info: Redefining \Relbar on input line 971.
\c@MaxMatrixCols=\count270
\dotsspace@=\muskip16
\c@parentequation=\count271
\dspbrk@lvl=\count272
\tag@help=\toks20
\row@=\count273
\column@=\count274
\maxfields@=\count275
\andhelp@=\toks21
\eqnshift@=\dimen154
\alignsep@=\dimen155
\tagshift@=\dimen156
\tagwidth@=\dimen157
\totwidth@=\dimen158
\lineht@=\dimen159
\@envbody=\toks22
\multlinegap=\skip51
\multlinetaggap=\skip52
\mathdisplay@stack=\toks23
LaTeX Info: Redefining \[ on input line 2953.
LaTeX Info: Redefining \] on input line 2954.
)
(/usr/share/texlive/texmf-dist/tex/latex/amsfonts/amssymb.sty
Package: amssymb 2013/01/14 v3.01 AMS font symbols

(/usr/share/texlive/texmf-dist/tex/latex/amsfonts/amsfonts.sty
Package: amsfonts 2013/01/14 v3.01 Basic AMSFonts support
\symAMSa=\mathgroup4
\symAMSb=\mathgroup5
LaTeX Font Info:    Redeclaring math symbol \hbar on input line 98.
LaTeX Font Info:    Overwriting math alphabet `\mathfrak' in version `bold'
(Font)                  U/euf/m/n --> U/euf/b/n on input line 106.
))
(/usr/share/texlive/texmf-dist/tex/latex/booktabs/booktabs.sty
Package: booktabs 2020/01/12 v1.61803398 Publication quality tables
\heavyrulewidth=\dimen160
\lightrulewidth=\dimen161
\cmidrulewidth=\dimen162
\belowrulesep=\dimen163
\belowbottomsep=\dimen164
\aboverulesep=\dimen165
\abovetopsep=\dimen166
\cmidrulesep=\dimen167
\cmidrulekern=\dimen168
\defaultaddspace=\dimen169
\@cmidla=\count276
\@cmidlb=\count277
\@aboverulesep=\dimen170
\@belowrulesep=\dimen171
\@thisruleclass=\count278
\@lastruleclass=\count279
\@thisrulewidth=\dimen172
)
(/usr/share/texlive/texmf-dist/tex/latex/multirow/multirow.sty
Package: multirow 2021/03/15 v2.8 Span multiple rows of a table
\multirow@colwidth=\skip53
\multirow@cntb=\count280
\multirow@dima=\skip54
\bigstrutjot=\dimen173
)
(/usr/share/texlive/texmf-dist/tex/latex/hyperref/hyperref.sty
Package: hyperref 2024-01-20 v7.01h Hypertext links for LaTeX

(/usr/share/texlive/texmf-dist/tex/latex/kvsetkeys/kvsetkeys.sty
Package: kvsetkeys 2022-10-05 v1.19 Key value parser (HO)
)
(/usr/share/texlive/texmf-dist/tex/generic/kvdefinekeys/kvdefinekeys.sty
Package: kvdefinekeys 2019-12-19 v1.6 Define keys (HO)
)
(/usr/share/texlive/texmf-dist/tex/generic/pdfescape/pdfescape.sty
Package: pdfescape 2019/12/09 v1.15 Implements pdfTeX's escape features (HO)

(/usr/share/texlive/texmf-dist/tex/generic/ltxcmds/ltxcmds.sty
Package: ltxcmds 2023-12-04 v1.26 LaTeX kernel commands for general use (HO)
)
(/usr/share/texlive/texmf-dist/tex/generic/pdftexcmds/pdftexcmds.sty
Package: pdftexcmds 2020-06-27 v0.33 Utility functions of pdfTeX for LuaTeX (HO
)

(/usr/share/texlive/texmf-dist/tex/generic/infwarerr/infwarerr.sty
Package: infwarerr 2019/12/03 v1.5 Providing info/warning/error messages (HO)
)
Package pdftexcmds Info: \pdf@primitive is available.
Package pdftexcmds Info: \pdf@ifprimitive is available.
Package pdftexcmds Info: \pdfdraftmode found.
))
(/usr/share/texlive/texmf-dist/tex/latex/hycolor/hycolor.sty
Package: hycolor 2020-01-27 v1.10 Color options for hyperref/bookmark (HO)
)
(/usr/share/texlive/texmf-dist/tex/latex/auxhook/auxhook.sty
Package: auxhook 2019-12-17 v1.6 Hooks for auxiliary files (HO)
)
(/usr/share/texlive/texmf-dist/tex/latex/hyperref/nameref.sty
Package: nameref 2023-11-26 v2.56 Cross-referencing by name of section

(/usr/share/texlive/texmf-dist/tex/latex/refcount/refcount.sty
Package: refcount 2019/12/15 v3.6 Data extraction from label references (HO)
)
(/usr/share/texlive/texmf-dist/tex/generic/gettitlestring/gettitlestring.sty
Package: gettitlestring 2019/12/15 v1.6 Cleanup title references (HO)

(/usr/share/texlive/texmf-dist/tex/latex/kvoptions/kvoptions.sty
Package: kvoptions 2022-06-15 v3.15 Key value format for package options (HO)
))
\c@section@level=\count281
)
(/usr/share/texlive/texmf-dist/tex/latex/etoolbox/etoolbox.sty
Package: etoolbox 2020/10/05 v2.5k e-TeX tools for LaTeX (JAW)
\etb@tempcnta=\count282
)
\@linkdim=\dimen174
\Hy@linkcounter=\count283
\Hy@pagecounter=\count284

(/usr/share/texlive/texmf-dist/tex/latex/hyperref/pd1enc.def
File: pd1enc.def 2024-01-20 v7.01h Hyperref: PDFDocEncoding definition (HO)
Now handling font encoding PD1 ...
... no UTF-8 mapping file for font encoding PD1
)
(/usr/share/texlive/texmf-dist/tex/generic/intcalc/intcalc.sty
Package: intcalc 2019/12/15 v1.3 Expandable calculations with integers (HO)
)
\Hy@SavedSpaceFactor=\count285

(/usr/share/texlive/texmf-dist/tex/latex/hyperref/puenc.def
File: puenc.def 2024-01-20 v7.01h Hyperref: PDF Unicode definition (HO)
Now handling font encoding PU ...
... no UTF-8 mapping file for font encoding PU
)
Package hyperref Info: Hyper figures OFF on input line 4179.
Package hyperref Info: Link nesting OFF on input line 4184.
Package hyperref Info: Hyper index ON on input line 4187.
Package hyperref Info: Plain pages OFF on input line 4194.
Package hyperref Info: Backreferencing OFF on input line 4199.
Package hyperref Info: Implicit mode ON; LaTeX internals redefined.
Package hyperref Info: Bookmarks ON on input line 4446.
\c@Hy@tempcnt=\count286

(/usr/share/texlive/texmf-dist/tex/latex/url/url.sty
\Urlmuskip=\muskip17
Package: url 2013/09/16  ver 3.4  Verb mode for urls, etc.
)
LaTeX Info: Redefining \url on input line 4784.
\XeTeXLinkMargin=\dimen175

(/usr/share/texlive/texmf-dist/tex/generic/bitset/bitset.sty
Package: bitset 2019/12/09 v1.3 Handle bit-vector datatype (HO)

(/usr/share/texlive/texmf-dist/tex/generic/bigintcalc/bigintcalc.sty
Package: bigintcalc 2019/12/15 v1.5 Expandable calculations on big integers (HO
)
))
\Fld@menulength=\count287
\Field@Width=\dimen176
\Fld@charsize=\dimen177
Package hyperref Info: Hyper figures OFF on input line 6063.
Package hyperref Info: Link nesting OFF on input line 6068.
Package hyperref Info: Hyper index ON on input line 6071.
Package hyperref Info: backreferencing OFF on input line 6078.
Package hyperref Info: Link coloring OFF on input line 6083.
Package hyperref Info: Link coloring with OCG OFF on input line 6088.
Package hyperref Info: PDF/A mode OFF on input line 6093.

(/usr/share/texlive/texmf-dist/tex/latex/base/atbegshi-ltx.sty
Package: atbegshi-ltx 2021/01/10 v1.0c Emulation of the original atbegshi
package with kernel methods
)
\Hy@abspage=\count288
\c@Item=\count289
\c@Hfootnote=\count290
)
Package hyperref Info: Driver (autodetected): hpdftex.

(/usr/share/texlive/texmf-dist/tex/latex/hyperref/hpdftex.def
File: hpdftex.def 2024-01-20 v7.01h Hyperref driver for pdfTeX

(/usr/share/texlive/texmf-dist/tex/latex/base/atveryend-ltx.sty
Package: atveryend-ltx 2020/08/19 v1.0a Emulation of the original atveryend pac
kage
with kernel methods
)
\Fld@listcount=\count291
\c@bookmark@seq@number=\count292

(/usr/share/texlive/texmf-dist/tex/latex/rerunfilecheck/rerunfilecheck.sty
Package: rerunfilecheck 2022-07-10 v1.10 Rerun checks for auxiliary files (HO)

(/usr/share/texlive/texmf-dist/tex/generic/uniquecounter/uniquecounter.sty
Package: uniquecounter 2019/12/15 v1.4 Provide unlimited unique counter (HO)
)
Package uniquecounter Info: New unique counter `rerunfilecheck' on input line 2
85.
)
\Hy@SectionHShift=\skip55
)
(/usr/share/texlive/texmf-dist/tex/latex/caption/caption.sty
Package: caption 2023/08/05 v3.6o Customizing captions (AR)

(/usr/share/texlive/texmf-dist/tex/latex/caption/caption3.sty
Package: caption3 2023/07/31 v2.4d caption3 kernel (AR)
\caption@tempdima=\dimen178
\captionmargin=\dimen179
\caption@leftmargin=\dimen180
\caption@rightmargin=\dimen181
\caption@width=\dimen182
\caption@indent=\dimen183
\caption@parindent=\dimen184
\caption@hangindent=\dimen185
Package caption Info: Standard document class detected.
)
\c@caption@flags=\count293
\c@continuedfloat=\count294
Package caption Info: hyperref package is loaded.
)
(/usr/share/texlive/texmf-dist/tex/latex/microtype/microtype.sty
Package: microtype 2023/03/13 v3.1a Micro-typographical refinements (RS)
\MT@toks=\toks24
\MT@tempbox=\box53
\MT@count=\count295
LaTeX Info: Redefining \noprotrusionifhmode on input line 1059.
LaTeX Info: Redefining \leftprotrusion on input line 1060.
\MT@prot@toks=\toks25
LaTeX Info: Redefining \rightprotrusion on input line 1078.
LaTeX Info: Redefining \textls on input line 1368.
\MT@outer@kern=\dimen186
LaTeX Info: Redefining \textmicrotypecontext on input line 1988.
\MT@listname@count=\count296

(/usr/share/texlive/texmf-dist/tex/latex/microtype/microtype-pdftex.def
File: microtype-pdftex.def 2023/03/13 v3.1a Definitions specific to pdftex (RS)

LaTeX Info: Redefining \lsstyle on input line 902.
LaTeX Info: Redefining \lslig on input line 902.
\MT@outer@space=\skip56
)
Package microtype Info: Loading configuration file microtype.cfg.

(/usr/share/texlive/texmf-dist/tex/latex/microtype/microtype.cfg
File: microtype.cfg 2023/03/13 v3.1a microtype main configuration file (RS)
))
(/usr/share/texlive/texmf-dist/tex/latex/enumitem/enumitem.sty
Package: enumitem 2019/06/20 v3.9 Customized lists
\labelindent=\skip57
\enit@outerparindent=\dimen187
\enit@toks=\toks26
\enit@inbox=\box54
\enit@count@id=\count297
\enitdp@description=\count298
)
(/usr/share/texlive/texmf-dist/tex/latex/placeins/placeins.sty
Package: placeins 2005/04/18  v 2.2
)
(/usr/share/texlive/texmf-dist/tex/latex/dblfloatfix/dblfloatfix.sty
Package: dblfloatfix 2012/12/31 v1.0a (JAW)

(/usr/share/texlive/texmf-dist/tex/latex/base/fixltx2e.sty
Package: fixltx2e 2016/12/29 v2.1a fixes to LaTeX (obsolete)
Applying: [2015/01/01] Old fixltx2e package on input line 46.


Package fixltx2e Warning: fixltx2e is not required with releases after 2015
(fixltx2e)                All fixes are now in the LaTeX kernel.
(fixltx2e)                See the latexrelease package for details.

Already applied: [0000/00/00] Old fixltx2e package on input line 53.
)
\@dblbotnum=\count299
\c@dblbotnumber=\count300
)
Package hyperref Info: Option `colorlinks' set `true' on input line 16.
LaTeX Font Info:    Trying to load font information for OT1+ptm on input line 4
4.
 (/usr/share/texlive/texmf-dist/tex/latex/psnfss/ot1ptm.fd
File: ot1ptm.fd 2001/06/04 font definitions for OT1/ptm.
)
(/usr/share/texlive/texmf-dist/tex/latex/l3backend/l3backend-pdftex.def
File: l3backend-pdftex.def 2024-01-04 L3 backend support: PDF output (pdfTeX)
\l__color_backend_stack_int=\count301
\l__pdf_internal_box=\box55
)
(./report.aux)
\openout1 = `report.aux'.

LaTeX Font Info:    Checking defaults for OML/cmm/m/it on input line 44.
LaTeX Font Info:    ... okay on input line 44.
LaTeX Font Info:    Checking defaults for OMS/cmsy/m/n on input line 44.
LaTeX Font Info:    ... okay on input line 44.
LaTeX Font Info:    Checking defaults for OT1/cmr/m/n on input line 44.
LaTeX Font Info:    ... okay on input line 44.
LaTeX Font Info:    Checking defaults for T1/cmr/m/n on input line 44.
LaTeX Font Info:    ... okay on input line 44.
LaTeX Font Info:    Checking defaults for TS1/cmr/m/n on input line 44.
LaTeX Font Info:    ... okay on input line 44.
LaTeX Font Info:    Checking defaults for OMX/cmex/m/n on input line 44.
LaTeX Font Info:    ... okay on input line 44.
LaTeX Font Info:    Checking defaults for U/cmr/m/n on input line 44.
LaTeX Font Info:    ... okay on input line 44.
LaTeX Font Info:    Checking defaults for PD1/pdf/m/n on input line 44.
LaTeX Font Info:    ... okay on input line 44.
LaTeX Font Info:    Checking defaults for PU/pdf/m/n on input line 44.
LaTeX Font Info:    ... okay on input line 44.

*geometry* driver: auto-detecting
*geometry* detected driver: pdftex
*geometry* verbose mode - [ preamble ] result:
* driver: pdftex
* paper: a4paper
* layout: <same size as paper>
* layoutoffset:(h,v)=(0.0pt,0.0pt)
* modes: 
* h-part:(L,W,R)=(57.81621pt, 481.87546pt, 57.81621pt)
* v-part:(T,H,B)=(57.81621pt, 729.41443pt, 57.81621pt)
* \paperwidth=597.50787pt
* \paperheight=845.04684pt
* \textwidth=481.87546pt
* \textheight=729.41443pt
* \oddsidemargin=-14.45378pt
* \evensidemargin=-14.45378pt
* \topmargin=-51.45378pt
* \headheight=12.0pt
* \headsep=25.0pt
* \topskip=11.0pt
* \footskip=30.0pt
* \marginparwidth=4.0pt
* \marginparsep=10.0pt
* \columnsep=20.2355pt
* \skip\footins=10.0pt plus 4.0pt minus 2.0pt
* \hoffset=0.0pt
* \voffset=0.0pt
* \mag=1000
* \@twocolumntrue
* \@twosidefalse
* \@mparswitchfalse
* \@reversemarginfalse
* (1in=72.27pt=25.4mm, 1cm=28.453pt)

(/usr/share/texlive/texmf-dist/tex/context/base/mkii/supp-pdf.mkii
[Loading MPS to PDF converter (version 2006.09.02).]
\scratchcounter=\count302
\scratchdimen=\dimen188
\scratchbox=\box56
\nofMPsegments=\count303
\nofMParguments=\count304
\everyMPshowfont=\toks27
\MPscratchCnt=\count305
\MPscratchDim=\dimen189
\MPnumerator=\count306
\makeMPintoPDFobject=\count307
\everyMPtoPDFconversion=\toks28
) (/usr/share/texlive/texmf-dist/tex/latex/epstopdf-pkg/epstopdf-base.sty
Package: epstopdf-base 2020-01-24 v2.11 Base part for package epstopdf
Package epstopdf-base Info: Redefining graphics rule for `.eps' on input line 4
85.

(/usr/share/texlive/texmf-dist/tex/latex/latexconfig/epstopdf-sys.cfg
File: epstopdf-sys.cfg 2010/07/13 v1.3 Configuration of (r)epstopdf for TeX Liv
e
))
(/usr/share/texlive/texmf-dist/tex/latex/graphics/color.sty
Package: color 2022/01/06 v1.3d Standard LaTeX Color (DPC)

(/usr/share/texlive/texmf-dist/tex/latex/graphics-cfg/color.cfg
File: color.cfg 2016/01/02 v1.6 sample color configuration
)
Package color Info: Driver file: pdftex.def on input line 149.

(/usr/share/texlive/texmf-dist/tex/latex/graphics/mathcolor.ltx))
Package hyperref Info: Link coloring ON on input line 44.
 (./report.out) (./report.out)
\@outlinefile=\write3
\openout3 = `report.out'.

Package caption Info: Begin \AtBeginDocument code.
Package caption Info: End \AtBeginDocument code.
LaTeX Info: Redefining \microtypecontext on input line 44.
Package microtype Info: Applying patch `item' on input line 44.
Package microtype Info: Applying patch `toc' on input line 44.
Package microtype Info: Applying patch `eqnum' on input line 44.
Package microtype Info: Applying patch `footnote' on input line 44.
Package microtype Info: Applying patch `verbatim' on input line 44.
Package microtype Info: Generating PDF output.
Package microtype Info: Character protrusion enabled (level 2).
Package microtype Info: Using default protrusion set `alltext'.
Package microtype Info: Automatic font expansion enabled (level 2),
(microtype)             stretch: 20, shrink: 20, step: 1, non-selected.
Package microtype Info: Using default expansion set `alltext-nott'.
LaTeX Info: Redefining \showhyphens on input line 44.
Package microtype Info: No adjustment of tracking.
Package microtype Info: No adjustment of interword spacing.
Package microtype Info: No adjustment of character kerning.
 (/usr/share/texlive/texmf-dist/tex/latex/microtype/mt-ptm.cfg
File: mt-ptm.cfg 2006/04/20 v1.7 microtype config. file: Times (RS)
)

pdfTeX warning: pdflatex (file ./letterhead/thesis_certificate_filled.pdf): PDF
 inclusion: found PDF version <1.7>, but at most version <1.5> allowed
<letterhead/thesis_certificate_filled.pdf, id=100, 597.53635pt x 845.04686pt>
File: letterhead/thesis_certificate_filled.pdf Graphic file (type pdf)
<use letterhead/thesis_certificate_filled.pdf>
Package pdftex.def Info: letterhead/thesis_certificate_filled.pdf  used on inpu
t line 46.
(pdftex.def)             Requested size: 474.52853pt x 671.05994pt.

Overfull \hbox (243.70856pt too wide) in paragraph at lines 46--46
 [] 
 []

[1



 <./letterhead/thesis_certificate_filled.pdf>]

pdfTeX warning: pdflatex (file ./letterhead/thesis_coverpage_filled.pdf): PDF i
nclusion: found PDF version <1.7>, but at most version <1.5> allowed
<letterhead/thesis_coverpage_filled.pdf, id=131, 597.53635pt x 845.04686pt>
File: letterhead/thesis_coverpage_filled.pdf Graphic file (type pdf)
<use letterhead/thesis_coverpage_filled.pdf>
Package pdftex.def Info: letterhead/thesis_coverpage_filled.pdf  used on input 
line 47.
(pdftex.def)             Requested size: 474.52853pt x 671.05994pt.

Overfull \hbox (243.70856pt too wide) in paragraph at lines 47--47
 [] 
 []

[2


 <./letterhead/thesis_coverpage_filled.pdf>]
pdfTeX warning (ext4): destination with the same identifier (name{page.1}) has 
been already used, duplicate ignored
<to be read again> 
                   \relax 
l.68 \end{titlepage}
                     [1


{/var/lib/texmf/fonts/map/pdftex/updmap/pdftex.map}{/usr/share/texlive/texmf-di
st/fonts/enc/dvips/base/8r.enc}]
pdfTeX warning (ext4): destination with the same identifier (name{page.1}) has 
been already used, duplicate ignored
<to be read again> 
                   \relax 
l.87 \clearpage
                [1


]
(/usr/share/texlive/texmf-dist/tex/latex/microtype/mt-cmr.cfg
File: mt-cmr.cfg 2013/05/19 v2.2 microtype config. file: Computer Modern Roman 
(RS)
)
LaTeX Font Info:    Trying to load font information for U+msa on input line 104
.

(/usr/share/texlive/texmf-dist/tex/latex/amsfonts/umsa.fd
File: umsa.fd 2013/01/14 v3.01 AMS symbols A
)
(/usr/share/texlive/texmf-dist/tex/latex/microtype/mt-msa.cfg
File: mt-msa.cfg 2006/02/04 v1.1 microtype config. file: AMS symbols (a) (RS)
)
LaTeX Font Info:    Trying to load font information for U+msb on input line 104
.

(/usr/share/texlive/texmf-dist/tex/latex/amsfonts/umsb.fd
File: umsb.fd 2013/01/14 v3.01 AMS symbols B
)
(/usr/share/texlive/texmf-dist/tex/latex/microtype/mt-msb.cfg
File: mt-msb.cfg 2005/06/01 v1.0 microtype config. file: AMS symbols (b) (RS)
)
! Missing } inserted.
<inserted text> 
                }
l.104 ]
       
I've put in what seems to be necessary to fix
the current column of the current alignment.
Try to go on, since this might almost work.

! Missing { inserted.
<inserted text> 
                {
l.104 ]
       
I've put in what seems to be necessary to fix
the current column of the current alignment.
Try to go on, since this might almost work.

! Missing } inserted.
<inserted text> 
                }
l.104 ]
       
I've put in what seems to be necessary to fix
the current column of the current alignment.
Try to go on, since this might almost work.

! Missing { inserted.
<inserted text> 
                {
l.104 ]
       
I've put in what seems to be necessary to fix
the current column of the current alignment.
Try to go on, since this might almost work.

<figures/fig1_qualitative.png, id=169, 2246.3925pt x 1108.14pt>
File: figures/fig1_qualitative.png Graphic file (type png)
<use figures/fig1_qualitative.png>
Package pdftex.def Info: figures/fig1_qualitative.png  used on input line 104.
(pdftex.def)             Requested size: 481.87546pt x 237.70438pt.

Package caption Warning: The option `hypcap=true' will be ignored for this
(caption)                particular \caption on input line 104.
See the caption package documentation for explanation.

LaTeX Font Info:    Trying to load font information for OT1+pcr on input line 1
04.
(/usr/share/texlive/texmf-dist/tex/latex/psnfss/ot1pcr.fd
File: ot1pcr.fd 2001/06/04 font definitions for OT1/pcr.
)
Package microtype Info: Loading generic protrusion settings for font family
(microtype)             `pcr' (encoding: OT1).
(microtype)             For optimal results, create family-specific settings.
(microtype)             See the microtype manual for details.

(./content/paper_core.tex
Underfull \vbox (badness 1253) has occurred while \output is active []


Underfull \hbox (badness 10000) in paragraph at lines 4--5
[]\OT1/ptm/m/n/10.95 (+20) Deep segmentation---from U-Net [[]] and
 []


Underfull \vbox (badness 1292) has occurred while \output is active []


pdfTeX warning (ext4): destination with the same identifier (name{page.2}) has 
been already used, duplicate ignored
<to be read again> 
                   \relax 
l.5 
     [2


 <./figures/fig1_qualitative.png (PNG copy)>]
Underfull \hbox (badness 4739) in paragraph at lines 12--12
[]\OT1/ptm/b/n/12 (+20) Convolutional and trans-former seg-
 []


Underfull \vbox (badness 10000) has occurred while \output is active []

 [3]
Underfull \hbox (badness 2197) in paragraph at lines 24--24
[]\OT1/ptm/b/n/12 (+20) Physics-informed and physics-guided
 []


Overfull \hbox (0.70802pt too wide) in paragraph at lines 28--29
\OT1/ptm/m/n/10.95 (-20) Large-scale pre-train-ing on multi-temporal EO stacks-
--
 []


Underfull \hbox (badness 1596) in paragraph at lines 52--53
\OT1/ptm/m/n/10.95 (+20) Given streams $\OML/cmm/m/it/10.95 x[] \OMS/cmsy/m/n/1
0.95 2 \U/msb/m/n/10.95 R[]$ \OT1/ptm/m/n/10.95 (+20) (RGB) and
 []


Underfull \hbox (badness 1264) in paragraph at lines 52--53
\OT1/ptm/m/n/10.95 (+20) slide4Sense; repli-cated DEM on Bi-jie), pre-dict
 []


Underfull \vbox (badness 3199) has occurred while \output is active []


Underfull \hbox (badness 2818) in paragraph at lines 57--59
\OT1/ptm/m/n/10.95 (+20) with pos-i-tive ma-te-rial pa-ram-e-ters ob-tained via

 []


Underfull \hbox (badness 1314) in paragraph at lines 61--62
\OT1/ptm/m/n/10.95 (+20) RGB/DEM tow-ers $\OML/cmm/m/it/10.95 E[]; E[]$\OT1/ptm
/m/n/10.95 (+20) ; PhysicsEn-coders
 []


Underfull \hbox (badness 6252) in paragraph at lines 61--62
\OML/cmm/m/it/10.95 P[]; P[]$ \OT1/ptm/m/n/10.95 (+20) with pixel/latent mech-a
-nis-tic cells;
 []


Overfull \hbox (136.7312pt too wide) detected at line 71
[][][]\OT1/cmr/m/n/10.95 [\OML/cmm/m/it/10.95 w[]; w[]\OT1/cmr/m/n/10.95 ] = []
([[][]\OML/cmm/m/it/10.95 ; [][]\OT1/cmr/m/n/10.95 ])\OML/cmm/m/it/10.95 ;  O \
OT1/cmr/m/n/10.95 = \OML/cmm/m/it/10.95 w[]O[] \OT1/cmr/m/n/10.95 + \OML/cmm/m/
it/10.95 w[]O[] \OT1/cmr/m/n/10.95 + [][]([\OML/cmm/m/it/10.95 O[]\OMS/cmsy/m/n
/10.95 k\OML/cmm/m/it/10.95 O[]\OT1/cmr/m/n/10.95 ])\OML/cmm/m/it/10.95 ;
 []

[4]
Underfull \hbox (badness 10000) in paragraph at lines 85--86
\OT1/ptm/m/n/10.95 (+20) Deeply su-per-vised Tver-sky loss [[]] on
 []


Underfull \hbox (badness 10000) in paragraph at lines 89--90
\OT1/ptm/b/n/10.95 (+20) Bijie \OT1/ptm/m/n/10.95 (+20) [[]]: high-resolution o
ptical$\OT1/cmr/m/n/10.95 +$\OT1/ptm/m/n/10.95 (+20) DEM
 []


Underfull \hbox (badness 1019) in paragraph at lines 89--90
\OT1/ptm/m/n/10.95 (+20) multi-region Sen-tinel patches with RGB--NDVI--
 []


Underfull \hbox (badness 1281) in paragraph at lines 89--90
\OT1/ptm/m/n/10.95 (+20) Adam ($\OT1/cmr/m/n/10.95 3 \OMS/cmsy/m/n/10.95 ^^A \O
T1/cmr/m/n/10.95 10[]$\OT1/ptm/m/n/10.95 (+20) , weight de-cay $\OT1/cmr/m/n/10
.95 10[]$\OT1/ptm/m/n/10.95 (+20) ), Tver-sky
 []


Underfull \hbox (badness 1303) in paragraph at lines 92--93
\OT1/ptm/m/n/10.95 (+20) We com-pare against LinkNet, DEP-UNet, GM-
 []


Underfull \hbox (badness 1910) in paragraph at lines 92--93
\OT1/ptm/m/n/10.95 (+20) and dual[]stream[]gated un-der the same ab-la-tion
 []


Underfull \hbox (badness 2368) in paragraph at lines 92--93
\OT1/ptm/m/n/10.95 (+20) har-ness. Tri-En-coder-CFM-Net is ex-cluded (un-
 []

<figures/fig_l4s_bars.png, id=296, 722.7pt x 361.35pt>
File: figures/fig_l4s_bars.png Graphic file (type png)
<use figures/fig_l4s_bars.png>
Package pdftex.def Info: figures/fig_l4s_bars.png  used on input line 154.
(pdftex.def)             Requested size: 230.81998pt x 115.4083pt.
<figures/fig_bijie_bars.png, id=298, 722.7pt x 361.35pt>
File: figures/fig_bijie_bars.png Graphic file (type png)
<use figures/fig_bijie_bars.png>
Package pdftex.def Info: figures/fig_bijie_bars.png  used on input line 161.
(pdftex.def)             Requested size: 230.81998pt x 115.4083pt.
<figures/fig_l4s_iou_rank.png, id=299, 578.16pt x 325.215pt>
File: figures/fig_l4s_iou_rank.png Graphic file (type png)
<use figures/fig_l4s_iou_rank.png>
Package pdftex.def Info: figures/fig_l4s_iou_rank.png  used on input line 168.
(pdftex.def)             Requested size: 230.81998pt x 129.83557pt.
<figures/fig_bijie_iou_rank.png, id=300, 578.16pt x 325.215pt>
File: figures/fig_bijie_iou_rank.png Graphic file (type png)
<use figures/fig_bijie_iou_rank.png>
Package pdftex.def Info: figures/fig_bijie_iou_rank.png  used on input line 175
.
(pdftex.def)             Requested size: 230.81998pt x 129.83557pt.
<figures/fig_l4s_heatmap.png, id=301, 433.62pt x 303.0823pt>
File: figures/fig_l4s_heatmap.png Graphic file (type png)
<use figures/fig_l4s_heatmap.png>
Package pdftex.def Info: figures/fig_l4s_heatmap.png  used on input line 182.
(pdftex.def)             Requested size: 230.81998pt x 161.3358pt.

Underfull \hbox (badness 4403) in paragraph at lines 183--183
[]\OT1/ptm/b/n/10 (+20) Figure 6: |\OT1/ptm/m/n/10 (+20) Land-slide4Sense pre-c
i-sion/recall/F1/IoU
 []

<figures/fig_bijie_heatmap.png, id=302, 433.62pt x 289.08pt>
File: figures/fig_bijie_heatmap.png Graphic file (type png)
<use figures/fig_bijie_heatmap.png>
Package pdftex.def Info: figures/fig_bijie_heatmap.png  used on input line 189.

(pdftex.def)             Requested size: 230.81998pt x 153.88213pt.
<figures/fig_l4s_delta_deeplab.png, id=303, 361.35pt x 252.945pt>
File: figures/fig_l4s_delta_deeplab.png Graphic file (type png)
<use figures/fig_l4s_delta_deeplab.png>
Package pdftex.def Info: figures/fig_l4s_delta_deeplab.png  used on input line 
196.
(pdftex.def)             Requested size: 230.81998pt x 161.57547pt.

Underfull \hbox (badness 6808) in paragraph at lines 197--197
[]\OT1/ptm/b/n/10 (+20) Figure 8: |\OT1/ptm/m/n/10 (+20) Land-slide4Sense: PS-G
PLNet mi-nus
 []

<figures/fig_bijie_delta_deeplab.png, id=304, 361.35pt x 252.945pt>
File: figures/fig_bijie_delta_deeplab.png Graphic file (type png)
<use figures/fig_bijie_delta_deeplab.png>
Package pdftex.def Info: figures/fig_bijie_delta_deeplab.png  used on input lin
e 203.
(pdftex.def)             Requested size: 230.81998pt x 161.57547pt.
[5 <./figures/fig_l4s_bars.png> <./figures/fig_bijie_bars.png>]
<figures/fig_l4s_curves.png, id=331, 722.7pt x 505.89pt>
File: figures/fig_l4s_curves.png Graphic file (type png)
<use figures/fig_l4s_curves.png>
Package pdftex.def Info: figures/fig_l4s_curves.png  used on input line 212.
(pdftex.def)             Requested size: 230.81998pt x 161.57161pt.
<figures/fig_bijie_curves.png, id=332, 722.7pt x 505.89pt>
File: figures/fig_bijie_curves.png Graphic file (type png)
<use figures/fig_bijie_curves.png>
Package pdftex.def Info: figures/fig_bijie_curves.png  used on input line 219.
(pdftex.def)             Requested size: 230.81998pt x 161.57161pt.
<figures/fig_l4s_pr.png, id=333, 397.485pt x 325.215pt>
File: figures/fig_l4s_pr.png Graphic file (type png)
<use figures/fig_l4s_pr.png>
Package pdftex.def Info: figures/fig_l4s_pr.png  used on input line 226.
(pdftex.def)             Requested size: 230.81998pt x 188.85806pt.

Underfull \hbox (badness 3407) in paragraph at lines 227--227
[]\OT1/ptm/b/n/10 (+20) Figure 12: |\OT1/ptm/m/n/10 (+20) Precision--recall com
-par-i-son on Land-
 []

<figures/fig_bijie_pr.png, id=334, 397.485pt x 325.215pt>
File: figures/fig_bijie_pr.png Graphic file (type png)
<use figures/fig_bijie_pr.png>
Package pdftex.def Info: figures/fig_bijie_pr.png  used on input line 233.
(pdftex.def)             Requested size: 230.81998pt x 188.85806pt.

Overfull \hbox (1.39299pt too wide) in paragraph at lines 239--240
\OT1/ptm/m/n/10.95 (-20) some spec-trally sim-i-lar bare soil in shad-owed vall
eys---
 []


Underfull \vbox (badness 10000) has occurred while \output is active []

 [6 <./figures/fig_l4s_iou_rank.png> <./figures/fig_bijie_iou_rank.png> <./figu
res/fig_l4s_heatmap.png>] [7 <./figures/fig_bijie_heatmap.png> <./figures/fig_l
4s_delta_deeplab.png> <./figures/fig_bijie_delta_deeplab.png> <./figures/fig_l4
s_curves.png> <./figures/fig_bijie_curves.png> <./figures/fig_l4s_pr.png>] [8

 <./figures/fig_bijie_pr.png>]
<figures/fig26_bijie_qual.png, id=364, 3032.32875pt x 1108.14pt>
File: figures/fig26_bijie_qual.png Graphic file (type png)
<use figures/fig26_bijie_qual.png>
Package pdftex.def Info: figures/fig26_bijie_qual.png  used on input line 244.
(pdftex.def)             Requested size: 481.87546pt x 176.08858pt.


Package caption Warning: The option `hypcap=true' will be ignored for this
(caption)                particular \caption on input line 246.
See the caption package documentation for explanation.

<figures/fig27_l4s_qual.png, id=365, 3032.32875pt x 1108.14pt>
File: figures/fig27_l4s_qual.png Graphic file (type png)
<use figures/fig27_l4s_qual.png>
Package pdftex.def Info: figures/fig27_l4s_qual.png  used on input line 249.
(pdftex.def)             Requested size: 481.87546pt x 176.08858pt.

Package caption Warning: The option `hypcap=true' will be ignored for this
(caption)                particular \caption on input line 251.
See the caption package documentation for explanation.

[9

 <./figures/fig26_bijie_qual.png> <./figures/fig27_l4s_qual.png>])
(./report.bbl [10

]) [11

] (./report.aux)
 ***********
LaTeX2e <2023-11-01> patch level 1
L3 programming layer <2024-01-22>
 ***********
Package rerunfilecheck Info: File `report.out' has not changed.
(rerunfilecheck)             Checksum: 1B7514C301CC2A3D364DA984BDF33F39;4189.
 ) 
Here is how much of TeX's memory you used:
 14667 strings out of 476182
 234571 string characters out of 5795596
 1949975 words of memory out of 5000000
 36055 multiletter control sequences out of 15000+600000
 601269 words of font info for 293 fonts, out of 8000000 for 9000
 14 hyphenation exceptions out of 8191
 75i,10n,79p,1328b,623s stack positions out of 10000i,1000n,20000p,200000b,200000s
</usr/share/texlive/texmf-dist/fonts/type1/public/amsfonts/cm/cmex10.pfb></us
r/share/texlive/texmf-dist/fonts/type1/public/amsfonts/cm/cmmi10.pfb></usr/shar
e/texlive/texmf-dist/fonts/type1/public/amsfonts/cm/cmmi8.pfb></usr/share/texli
ve/texmf-dist/fonts/type1/public/amsfonts/cm/cmr10.pfb></usr/share/texlive/texm
f-dist/fonts/type1/public/amsfonts/cm/cmr8.pfb></usr/share/texlive/texmf-dist/f
onts/type1/public/amsfonts/cm/cmsy10.pfb></usr/share/texlive/texmf-dist/fonts/t
ype1/public/amsfonts/cm/cmsy8.pfb></usr/share/texlive/texmf-dist/fonts/type1/pu
blic/amsfonts/symbols/msam10.pfb></usr/share/texlive/texmf-dist/fonts/type1/pub
lic/amsfonts/symbols/msbm10.pfb></usr/share/texlive/texmf-dist/fonts/type1/urw/
courier/ucrr8a.pfb></usr/share/texlive/texmf-dist/fonts/type1/urw/times/utmb8a.
pfb></usr/share/texlive/texmf-dist/fonts/type1/urw/times/utmr8a.pfb></usr/share
/texlive/texmf-dist/fonts/type1/urw/times/utmri8a.pfb>
Output written on report.pdf (14 pages, 9844751 bytes).
PDF statistics:
 463 PDF objects out of 1000 (max. 8388607)
 367 compressed objects within 4 object streams
 91 named destinations out of 1000 (max. 500000)
 60694 words of extra memory for PDF output out of 61914 (max. 10000000)

